// Jest Snapshot v1, https://goo.gl/fbAQLP

exports[`<Main /> should render the hediing 1`] = `
.c0 {
  background-color: #06092b;
  color: #fff;
  width: 100%;
  height: 100%;
  padding: 3rem;
  text-align: center;
  -webkit-align-items: center;
  -webkit-box-align: center;
  -ms-flex-align: center;
  align-items: center;
  -webkit-box-pack: center;
  -webkit-justify-content: center;
  -ms-flex-pack: center;
  justify-content: center;
  -webkit-flex-direction: column;
  -ms-flex-direction: column;
  flex-direction: column;
  display: -webkit-box;
  display: -webkit-flex;
  display: -ms-flexbox;
  display: flex;
}

.c1 {
  margin-bottom: 2rem;
}

.c2 {
  font-size: 2.5rem;
}

.c3 {
  font-size: 2rem;
  font-weight: 400;
}

.c4 {
  margin-top: 3rem;
}

<main
  class="c0"
>
  <img
    alt="Imagem de um atomo simbolo do react"
    class="c1"
    height="100px"
    src="/img/logo-react.png"
  />
  <h1
    class="c2"
  >
    React Avan√ßado
  </h1>
  <h2
    class="c3"
  >
    TypeScript, React NextJS, Styled-Components
  </h2>
  <img
    alt="Imagem Minato namikase personagem ficticio do anime japones naruto "
    class="c4"
    height="400px"
    src="/img/Minato_Base.png"
  />
</main>
`
